abridgment:abridgement
accouterment:accoutrement
acknowledgment:acknowledgement
adapter:adaptor
advertisement:advertizement
advisor:adviser
adz:adze
aerospace plane:aerospaceplane
afterward:afterwards
aging:ageing
airily:aerify
airplane:aeroplane
airy:aery
alluvium:alluvion
alright:allright
aluminum:aluminium
ameba:amoeba
Americanize:Americanise
amid:amidst
among:amongst
amphitheater:amphitheatre
analog:analogue
analyze:analyse
anemia:anaemia
anemic:anaemic
anesthesia:anaesthesia
anesthetic:anaesthetic
anesthetist:anaesthetist
annex:annexe
antiaircraft:anti-aircraft
apologize:apologise
apothegm:apophthegm
appall:appal
apprise:apprise
arbor:arbour
archeology:archaeology
ardor:ardour
armor:armour
armorer:armourer
armory:armoury
artifact:artefact
ashtray:ash-tray
asphalt:asphalte
ass:arse
atchoo:atishoo
ax:axe
B.S.:B.Sc.
back scratch:backscratch
backward:backwards
balk:baulk
ball gown:ballgown
baloney:boloney
baritone:barytone
bark:barque
barreled:barelled
barreled:barrelled
barreling:barelling
battle-ax:battleaxe
bedeviled:bedevilled
behavior:behaviour
behavioral:behavioural
behoove:behove
belabor:belabour
bell ringer:bellringer
belly flop:bellyflop
beside:besides
bicolor:bicolour
bisulfate:bisulphate
bladder wrack:bladderwrack
book collection:bookcollection
bookkeeper:book-keeper
boric:boracic
break dance:breakdance
brier:briar
buncombe:bunkum
burden:burthen
burglarize:burglarise
burned:burnt
by allusion:byallusion
cachexia:cachexy
cafe:café
caliber:calibre
caliper:calliper
calipers:callipers
calisthenics:callisthenics
call girl:callgirl
canceled:cancelled
canceling:cancelling
canceling:cancellling
candor:candour
cantaloupe:cantaloup
capitalize:capitalise
carburetor:carburettor
carcass:carcass
caroler:caroller
caroling:carolling
cat slick:catslick
catalog:catalogue
catalyze:catalyse
categorize:categorize
catsup:ketchup
caviler:caviller
cell phone:cellphone
center:centre
centerboard:centreboard
centerfold:centrefold
centering:centring
centerpiece:centrepiece
centimeter:centimetre
cesarean:caesarean
cesarian:caesarian
cesium:caesium
chamomile:camomile
channeled:channelled
characterize:characterise
check:cheque
checker:chequer
chili arch:chiliarch
chili:chilli
choir stall:choirstall
cigaret:cigarette
citrus:citrous
civilization:civilisation
clamor:clamour
clangor:clangour
clarinetist:clarinettist
claw back:clawback
clearstory:clerestory
clever stick:cleverstick
cloture:closure
cogency:coagency
colonize:colonize
color:colour
conjuror:conjurer
connection:connexion
cornflower:cornflour
councilor:councillor
counseled:counselled
counseling:counselling
counselor:counsellor
cozy:cosy
crawfish:crayfish
criticize:criticize
curb:kerb
cutlas:cutlass
czar:tsar
dark fall:darkfall
daydream:day-dream
deathbed repentance:deathbedrepentance
defense:defence
deflection:deflexion
deflexion:deflection
demeanor:demeanour
dependent:dependant
deviled:devilled
deviling:devilling
dialog:dialogue
dialyze:dialyse
diarrhea:diarrhoea
dieresis:diaeresis
discolor:discolour
disfavor:disfavour
disheveled:dishevelled
disheveling:dishevelling
dishonor:dishonour
disk:disc
dissention:dissension
distill:distil
disulfide:disulphide
dolor:dolour
donut:doughnut
doodad:doodah
doom watch:doomwatch
draft:draught
draftsman:draughtsman
drafty:draughty
dramatize:dramatise
dreamed:dreamt
driveling:drivelling
dryly:drily
drypoint:dry-point
duelist:duellist
duelists:duellists
eager:eagre
ecology:oecology
ecumenical:oecumenical
edema:oedema
edematous:oedematous
elite:élite
emphasize:emphasise
enameled:enamelled
enameling:enamelling
enamor:enamour
encyclopedia:encyclopaedia
encyclopedia:encyclopedia
endeavor:endeavour
enology:oenology
enroll:enrol
enrollment:enrolment
enthrall:enthral
entree:entrée
enure:inure
envelop:envelope
eon:aeon
eons:aeons
epaulet:epaulette
epicenter:epicentre
epilog:epilogue
equaled:equalled
equaling:equalling
equalize:equalise
esophagus:oesophagus
esthete:aesthete
esthetic:aesthetic
estival:aestival
estrogen:oestrogen
estrus:oestrus
ether:aether
etiological:aetiological
etiology:aetiology
eurythmy:eurhythmy
fagot:faggot
fagoting:faggoting
fantasize:fantasise
favor:favour
favored:favoured
favorite:favourite
favoritism:favouritism
fecal:faecal
feces:faeces
fervor:fervour
fetal:foetal
fete:fête
fetid:foetid
fetor:foetor
fetus:foetus
fiber:fibre
fiberboard:fibreboard
fiberglass:fibreglass
flakey:flaky
flavor:flavour
flavored:flavoured
floatation:flotation
font:fount
foregather:forgather
forego:forgo
form:forme
forward:forwards
frog march:frogmarch
fueled:fuelled
fueling:fuelling
fulfill:fulfil
fulfillment:fulfilment
furor:furore
fuse:fuze
galipot:gallipot
gallows bird:gallowsbird
gantlet:gauntlet
garrote:garotte
garroted:garotted
garroting:garotting
gasoline:gasolene
gayety:gaiety
gel:gell
genuflection:genuflexion
glamor:glamour
glamorize:glamorise
goiter:goitre
gonorrhea:gonorrhoea
good-by:goodbye
gram:gramme
gray:grey
groveled:grovelled
groveler:groveller
groveling:grovelling
grueling:gruelling
gynecology:gynaecology
gypsy:gipsy
hair space:hairspace
Halloween:Hallowe'en
halyard:halliard
harbor:harbour
harmonize:harmonise
have mercy:havemercy
hell hag:hellhag
hemoglobin:haemoglobin
hemophilia:haemophilia
hemorrhage:haemorrhage
hemorrhoid:haemorrhoid
hold all:holdall
homeopath:homoeopath
homeostasis:homoeostasis
homolog:homologue
honor:honour
hosteled:hostelled
hosteler:hosteller
hosteling:hostelling
hostler:ostler
humor:humour
ill betide:illbetide
immortalize:immortalise
impanel:empanel
in appetence:inappetence
in expectancy:inexpectancy
in wrestling:inwrestling
incase:encase
inclose:enclose
indorse:endorse
inflection:inflexion
inquire:enquire
inquiry:enquiry
instal:install
installment:instalment
instill:instil
insure:ensure
intern:interne
jail:gaol
jeweler:jeweller
jewelry:jewellery
jewlry:jewellery
jibe:gybe
jimmy:jemmy
Jr:Jnr.
judgment:judgement
karat:carat
kidnaped:kidnapped
kidnaper:kidnapper
kidnaping:kidnapping
kilometer:kilometre
kneeled:knelt
knob stick:knobstick
know all:knowall
labeled:labelled
labor:labour
lackluster:lacklustre
lady killer:ladykiller
lave rock:laverock
lay stall:laystall
lead pollution:leadpollution
leaned:leant
leaped:leapt
learned:learnt
leg pull:legpull
lemongrass:lemon
leukemia:leukaemia
leveled:levelled
Leveler:Leveller
leveler:leveller
leveling:levelling
libeled:libelled
libeling:libelling
libelous:libellous
license:licence
licorice:liquorice
light well:lightwell
limp back:limpback
liter:litre
logorrhea:logorrhoea
long shore:longshore
louver:louvre
low fellow:lowfellow
luster:lustre
M.S.:M.Sc.
malodor:malodour
man hour:manhour
man oeuvre:manoeuvre
maneuver:manoeuvre
marshaled:marshalled
marveled:marvelled
marveling:marvelling
marvelous:marvellous
marvelously:marvellously
matinee:matinée
meager:meagre
medieval:mediaeval
mega there:megathere
menorrhea:menorrhoea
mental deficiency:mentaldeficiency
metaled:metalled
metaling:metalling
meter:metre
mill pool:millpool
millimeter:millimetre
misbehavior:misbehaviour
misdemeanor:misdemeanour
misjudgment:misjudgement
miter:mitre
mobilize:mobilise
modeled:modelled
modeler:modeller
modeling:modelling
mold:mould
molding:moulding
mollusk:mollusc
molt:moult
mom:mum
monolog:monologue
motorize:motorise
mum chance:mumchance
mustache:moustache
naive:naïve
naturalize:naturalise
naught:nought
neighbor:neighbour
neighborhood:neighbourhood
neighborly:neighbourly
neoclassical:neo-classical
net:nett
night watch:nightwatch
nite:night
niter:nitre
not respect:notrespect
note paper:notepaper
ocher:ochre
odor:odour
offense:offence
omelet:omelette
organize:organise
organized:organised
orthopedics:orthopaedics
outmaneuver:outmanoeuvre
paddy whack:paddywhack
pajamas:pyjamas
paleobotany:palaeobotany
Paleocene:Palaeocene
paleoclimatology:palaeoclimatology
paleogeography:palaeogeography
paleography:palaeography
paleolithic:palaeolithic
paleomagnetism:palaeomagnetism
paleontology:palaeontology
Paleozoic:Palaeozoic
panatela:panatella
paneled:panelled
paneling:panelling
panelist:panellist
paralyze:paralyse
parameterize:parametrize
parlor:parlour
pastel list:pastellist
pasteurized:pasteurised
pavior:paviour
pean:paean
peas:pease
pedagog:pedagogue
pedagogy:paedagogy
pedaled:pedalled
pedaling:pedalling
peddler:pedlar
pederast:paederast
pediatric:paediatric
pediatrician:paediatrician
pediatrics:paediatrics
pedler:pedlar
pedophile:paedophile
pedophilia:paedophilia
penciled:pencilled
penciling:pencilling
persnickety:pernickety
philter:philtre
pickaninny:piccaninny
picket:piquet
pill winks:pilliwinks
pillar box:pillarbox
pipe tobacco:pipetobacco
pjamas:pyjamas
plow:plough
plowman:ploughman
plowshare:ploughshare
polyethylene:polythene
popularize:popularise
port fire:portfire
practice:practise
pretense:pretence
pricey:pricy
primeval:primaeval
program:programme
programed:programmed
programer:programmer
programing:programming
prolog:prologue
propellent:propellant
propellor:propeller
pudgy:podgy
pull through:pullthrough
pummeling:pummelling
pupilage:pupillage
pygmy:pigmy
quarreled:quarrelled
quarreler:quarreller
quarreling:quarrelling
racial prejudice:racialprejudice
rancor:rancour
raveled:ravelled
realize:realise
recognizance:recognisance
recognize:recognise
reconnoiter:reconnoitre
remodeling:remodelling
retroflection:retroflexion
reveled:revelled
reveler:reveller
reveling:revelling
revery:reverie
reviviscence:revivescence
rigor:rigour
rivaling:rivalling
role:rôle
roll mops:rollmops
roller coaster:rollercoaster
romanize:romanise
ruble:rouble
rumor:rumour
saber:sabre
safe conduct:safeconduct
saga more:sagamore
sally port:sallyport
saltier:saltire
saltpeter:saltpetre
sanitorium:sanatorium
satirize:satirise
savior:saviour
savor:savour
savory:savoury
scalawag:scallywag
scalp lock:scalplock
scepter:sceptre
scimitar:scimetar
septicemia:septicaemia
sepulcher:sepulchre
sex prejudice:sexprejudice
sheep track:sheeptrack
shooting gallery:shootinggallery
shoveled:shovelled
show:shew
shrink pack:shrinkpack
shriveled:shrivelled
signaler:signaller
signaling:signalling
siphon:syphon
siren:syren
skeptic:sceptic
skeptical:sceptical
skepticism:scepticism
skillful:skilful
skillfully:skilfully
skin flick:skinflick
slug:slog
slush:slosh
smelled:smelt
smoke duct:smokeduct
smolder:smoulder
snail shell:snailshell
snicker:snigger
sniveled:snivelled
sniveler:sniveller
sniveling:snivelling
snow pack:snowpack
snowplow:snowplough
soft back:softback
somber:sombre
soy sauce:soysauce
specialize:specialise
specialty:speciality
specter:spectre
spelled:spelt
spilled:spilt
spiraling:spiralling
splendor:splendour
spoiled:spoilt
Sr:Snr
stanch:staunch
standardize:standardise
stenosis:stegnosis
story:storey
stout fellow:stoutfellow
succor:succour
suffix ion:suffixion
sulfate:sulphate
sulfide:sulphide
sulfur:sulphur
sulfureted:sulphuretted
swallow hole:swallowhole
symbolize:symbolise
synagog:synagogue
syneresis:synaeresis
synesthesia:synaesthesia
syphon:siphon
taffy:toffee
the fallen:thefallen
theater:theatre
thralldom:thraldom
throw stick:throwstick
thru:through
tidbit:titbit
tike:tyke
till ant:tillant
tire:tyre
tiro:tyro
titer:titre
toilet:toilette
tonite:tonight
toward:towards
toweling:towelling
trammeled:trammelled
traveled:travelled
traveler:traveller
traveling:travelling
travelog:travelogue
tricolor:tricolour
trisulfate:trisulphate
troweled:trowelled
troweling:trowelling
tumor:tumour
tunneling:tunnelling
ultrahigh:ultra-high
ultramodern:ultra-modern
unraveled:unravelled
unraveled:untravelled
unraveling:unravelling
untrammeled:untrammelled
valor:valour
vapor:vapour
vaporize:vaporise
vaporware:vapourware
veranda:verandah
vial:phial
video pack:videopack
vigor:vigour
vise:vice
visually challenged:visuallychallenged
wagon:waggon
watercolor:watercolour
weed killer:weedkiller
whey face:wheyface
while:whilst
whiskey:whisky
willful:wilful
willie:willy
woolen:woollen
wooly:woolly
word stock:wordstock
worshiped:worshipped
worshiper:worshipper
worshiping:worshipping
yodeling:yodelling
